// Jest Snapshot v1, https://goo.gl/fbAQLP

exports[`should match Visualizer snapshot 1`] = `
<div
  className="visualizer"
  data-testid="Visualizer"
>
  <div
    className="renderedContainer"
  >
    <div
      className="reactComponent"
    >
      <iframe
        src="http://localhost:5000/"
      />
    </div>
  </div>
</div>
`;
